QEMU 9.2.4 monitor - type 'help' for more information
chatty()
in main
~chatty()
